Flow report for game
Sat Sep 21 10:06:20 2019
Quartus II Version 8.1 Build 163 10/28/2008 SJ Full Version


---------------------
; Table of Contents ;
---------------------
  1. Legal Notice
  2. Flow Summary
  3. Flow Settings
  4. Flow Non-Default Global Settings
  5. Flow Elapsed Time
  6. Flow OS Summary
  7. Flow Log



----------------
; Legal Notice ;
----------------
Copyright (C) 1991-2008 Altera Corporation
Your use of Altera Corporation's design tools, logic functions 
and other software and tools, and its AMPP partner logic 
functions, and any output files from any of the foregoing 
(including device programming or simulation files), and any 
associated documentation or information are expressly subject 
to the terms and conditions of the Altera Program License 
Subscription Agreement, Altera MegaCore Function License 
Agreement, or other applicable license agreement, including, 
without limitation, that your use is for the sole purpose of 
programming logic devices manufactured by Altera and sold by 
Altera or its authorized distributors.  Please refer to the 
applicable agreement for further details.



+-------------------------------------------------------------------------------+
; Flow Summary                                                                  ;
+------------------------------------+------------------------------------------+
; Flow Status                        ; Successful - Sat Sep 21 10:06:16 2019    ;
; Quartus II Version                 ; 8.1 Build 163 10/28/2008 SJ Full Version ;
; Revision Name                      ; game                                     ;
; Top-level Entity Name              ; game                                     ;
; Family                             ; Cyclone III                              ;
; Device                             ; EP3C40Q240C8                             ;
; Timing Models                      ; Final                                    ;
; Met timing requirements            ; N/A                                      ;
; Total logic elements               ; 552 / 39,600 ( 1 % )                     ;
;     Total combinational functions  ; 533 / 39,600 ( 1 % )                     ;
;     Dedicated logic registers      ; 165 / 39,600 ( < 1 % )                   ;
; Total registers                    ; 165                                      ;
; Total pins                         ; 9 / 129 ( 7 % )                          ;
; Total virtual pins                 ; 0                                        ;
; Total memory bits                  ; 442,368 / 1,161,216 ( 38 % )             ;
; Embedded Multiplier 9-bit elements ; 0 / 252 ( 0 % )                          ;
; Total PLLs                         ; 0 / 4 ( 0 % )                            ;
+------------------------------------+------------------------------------------+


+-----------------------------------------+
; Flow Settings                           ;
+-------------------+---------------------+
; Option            ; Setting             ;
+-------------------+---------------------+
; Start date & time ; 09/21/2019 10:05:57 ;
; Main task         ; Compilation         ;
; Revision Name     ; game                ;
+-------------------+---------------------+


+------------------------------------------------------------------------------------------------------------------------------------------------------+
; Flow Non-Default Global Settings                                                                                                                     ;
+------------------------------------+------------------------------------------------------------------+---------------+-------------+----------------+
; Assignment Name                    ; Value                                                            ; Default Value ; Entity Name ; Section Id     ;
+------------------------------------+------------------------------------------------------------------+---------------+-------------+----------------+
; COMPILER_SIGNATURE_ID              ; 268891678131716.156903155720144                                  ; --            ; --          ; --             ;
; IP_TOOL_NAME                       ; ROM: 1-PORT                                                      ; --            ; --          ; --             ;
; IP_TOOL_NAME                       ; ROM: 1-PORT                                                      ; --            ; --          ; --             ;
; IP_TOOL_VERSION                    ; 8.1                                                              ; --            ; --          ; --             ;
; IP_TOOL_VERSION                    ; 8.1                                                              ; --            ; --          ; --             ;
; MAX_CORE_JUNCTION_TEMP             ; 85                                                               ; --            ; --          ; --             ;
; MIN_CORE_JUNCTION_TEMP             ; 0                                                                ; --            ; --          ; --             ;
; MISC_FILE                          ; over.bsf                                                         ; --            ; --          ; --             ;
; MISC_FILE                          ; over.cmp                                                         ; --            ; --          ; --             ;
; MISC_FILE                          ; D:/大学/大三/大三上/数字电路综合课程设计/自己/wyh/game3/game.dpf ; --            ; --          ; --             ;
; MISC_FILE                          ; timg.cmp                                                         ; --            ; --          ; --             ;
; NOMINAL_CORE_SUPPLY_VOLTAGE        ; 1.2V                                                             ; --            ; --          ; --             ;
; PARTITION_COLOR                    ; 16764057                                                         ; --            ; --          ; Top            ;
; PARTITION_NETLIST_TYPE             ; SOURCE                                                           ; --            ; --          ; Top            ;
; USE_GENERATED_PHYSICAL_CONSTRAINTS ; Off                                                              ; --            ; --          ; eda_blast_fpga ;
+------------------------------------+------------------------------------------------------------------+---------------+-------------+----------------+


+-------------------------------------------------------------------------------------------------------------------------------+
; Flow Elapsed Time                                                                                                             ;
+---------------------------+--------------+-------------------------+---------------------+------------------------------------+
; Module Name               ; Elapsed Time ; Average Processors Used ; Peak Virtual Memory ; Total CPU Time (on all processors) ;
+---------------------------+--------------+-------------------------+---------------------+------------------------------------+
; Analysis & Synthesis      ; 00:00:05     ; 1.0                     ; 282 MB              ; 00:00:04                           ;
; Fitter                    ; 00:00:08     ; 1.0                     ; 407 MB              ; 00:00:08                           ;
; Assembler                 ; 00:00:03     ; 1.0                     ; 318 MB              ; 00:00:02                           ;
; TimeQuest Timing Analyzer ; 00:00:03     ; 2.0                     ; 315 MB              ; 00:00:03                           ;
; Total                     ; 00:00:19     ; --                      ; --                  ; 00:00:17                           ;
+---------------------------+--------------+-------------------------+---------------------+------------------------------------+


+--------------------------------------------------------------------------------------------+
; Flow OS Summary                                                                            ;
+---------------------------+------------------+---------------+------------+----------------+
; Module Name               ; Machine Hostname ; OS Name       ; OS Version ; Processor type ;
+---------------------------+------------------+---------------+------------+----------------+
; Analysis & Synthesis      ; DESKTOP-N06SK48  ; Windows Vista ; 6.2        ; x86_64         ;
; Fitter                    ; DESKTOP-N06SK48  ; Windows Vista ; 6.2        ; x86_64         ;
; Assembler                 ; DESKTOP-N06SK48  ; Windows Vista ; 6.2        ; x86_64         ;
; TimeQuest Timing Analyzer ; DESKTOP-N06SK48  ; Windows Vista ; 6.2        ; x86_64         ;
+---------------------------+------------------+---------------+------------+----------------+


------------
; Flow Log ;
------------
quartus_map --read_settings_files=on --write_settings_files=off game -c game
quartus_fit --read_settings_files=off --write_settings_files=off game -c game
quartus_asm --read_settings_files=off --write_settings_files=off game -c game
quartus_sta game -c game



